// Jest Snapshot v1, https://goo.gl/fbAQLP

exports[`DateSeparator should match date separator snapshot 1`] = `
<View
  style={
    Array [
      Object {
        "alignItems": "center",
        "flexDirection": "row",
        "justifyContent": "center",
        "marginVertical": 20,
      },
    ]
  }
  testID="date-separator"
>
  <View
    style={
      Array [
        Object {
          "backgroundColor": "#EBEBEB",
          "flexBasis": 0,
          "flexGrow": 1,
          "flexShrink": 1,
          "height": 0.5,
        },
      ]
    }
  />
  <Text
    style={
      Array [
        Object {
          "fontSize": 10,
          "marginHorizontal": 5,
          "opacity": 0.8,
          "textAlign": "center",
          "textTransform": "uppercase",
        },
      ]
    }
  >
    <Text
      style={
        Array [
          Object {
            "fontSize": 10,
            "fontWeight": "700",
            "opacity": 0.8,
            "textTransform": "uppercase",
          },
        ]
      }
    >
      04/27/2020
    </Text>
  </Text>
  <View
    style={
      Array [
        Object {
          "backgroundColor": "#EBEBEB",
          "flexBasis": 0,
          "flexGrow": 1,
          "flexShrink": 1,
          "height": 0.5,
        },
      ]
    }
  />
</View>
`;
