// Jest Snapshot v1, https://goo.gl/fbAQLP

exports[`MessageNotification should render the message notification and match snapshot 1`] = `
<View
  style={
    Object {
      "bottom": 0,
      "opacity": 1,
      "position": "absolute",
    }
  }
  testID="message-notification"
>
  <View
    accessible={true}
    focusable={true}
    isTVSelectable={true}
    onClick={[Function]}
    onResponderGrant={[Function]}
    onResponderMove={[Function]}
    onResponderRelease={[Function]}
    onResponderTerminate={[Function]}
    onResponderTerminationRequest={[Function]}
    onStartShouldSetResponder={[Function]}
    style={
      Object {
        "alignItems": "center",
        "backgroundColor": "#006cff",
        "borderRadius": 13,
        "height": 27,
        "justifyContent": "center",
        "opacity": 1,
        "transform": Array [
          Object {
            "translateY": 9,
          },
        ],
        "width": 112,
        "zIndex": 10,
      }
    }
  >
    <Text
      style={
        Array [
          Object {
            "color": "white",
            "fontSize": 12,
            "fontWeight": "600",
          },
        ]
      }
    >
      New Messages
    </Text>
  </View>
</View>
`;
