// Jest Snapshot v1, https://goo.gl/fbAQLP

exports[`TypingIndicator should match typing indicator snapshot 1`] = `
<View
  style={
    Array [
      Object {
        "alignItems": "flex-end",
        "flexDirection": "row",
        "justifyContent": "flex-start",
      },
    ]
  }
  testID="typing-indicator"
>
  <View
    style={
      Array [
        Object {
          "alignItems": "center",
        },
      ]
    }
  >
    <Image
      accessibilityLabel="initials"
      onError={[Function]}
      resizeMethod="resize"
      size={20}
      source={
        Object {
          "uri": "https://i.imgur.com/SLx06PP.png",
        }
      }
      style={
        Array [
          Object {
            "borderRadius": 10,
            "height": 20,
            "width": 20,
          },
        ]
      }
      testID="typing-avatar-0"
    />
  </View>
  <View
    style={
      Array [
        Object {
          "alignItems": "center",
        },
      ]
    }
  >
    <Image
      accessibilityLabel="initials"
      onError={[Function]}
      resizeMethod="resize"
      size={20}
      source={
        Object {
          "uri": "https://i.imgur.com/T68W8nR_d.webp?maxwidth=728&fidelity=grand",
        }
      }
      style={
        Array [
          Object {
            "borderRadius": 10,
            "height": 20,
            "width": 20,
          },
        ]
      }
      testID="typing-avatar-1"
    />
  </View>
  <Text
    style={
      Array [
        Object {
          "color": "rgba(0,0,0,0.5)",
          "fontSize": 14,
          "marginLeft": 10,
        },
      ]
    }
  >
    Grant and Neil are typing...
  </Text>
</View>
`;
