// Jest Snapshot v1, https://goo.gl/fbAQLP

exports[`ActionSheetAttachment should render ActionSheetAttachment and click through items and close icon 1`] = `
<Modal
  animationType="none"
  hardwareAccelerated={false}
  onRequestClose={[Function]}
  transparent={true}
  visible={false}
>
  <View
    style={
      Array [
        Array [
          Object {
            "flex": 1,
            "flexDirection": "row",
          },
        ],
      ]
    }
  >
    <Text
      onPress={[Function]}
      style={
        Array [
          Array [
            Object {
              "backgroundColor": "#000",
              "bottom": 0,
              "left": 0,
              "opacity": 0.4,
              "position": "absolute",
              "right": 0,
              "top": 0,
            },
          ],
        ]
      }
    />
    <View
      style={
        Object {
          "alignSelf": "flex-end",
          "backgroundColor": "#e5e5e5",
          "flex": 1,
          "height": 141,
          "transform": Array [
            Object {
              "translateY": 141,
            },
          ],
        }
      }
    >
      <View
        style={
          Array [
            Object {
              "alignItems": "center",
              "backgroundColor": "#fff",
              "height": 40,
              "justifyContent": "center",
            },
          ]
        }
      >
        <View
          style={
            Array [
              Object {
                "alignItems": "center",
                "flexDirection": "row",
                "height": "100%",
                "justifyContent": "space-between",
                "paddingHorizontal": 20,
                "width": "100%",
              },
            ]
          }
        >
          <Text
            style={
              Array [
                Object {
                  "fontWeight": "bold",
                },
              ]
            }
          >
            Add a file
          </Text>
          <View
            accessible={true}
            focusable={true}
            isTVSelectable={true}
            onClick={[Function]}
            onResponderGrant={[Function]}
            onResponderMove={[Function]}
            onResponderRelease={[Function]}
            onResponderTerminate={[Function]}
            onResponderTerminationRequest={[Function]}
            onStartShouldSetResponder={[Function]}
            style={
              Object {
                "backgroundColor": "rgba(0, 0, 0, 0.05)",
                "borderRadius": 5,
                "opacity": 1,
                "paddingBottom": 5,
                "paddingLeft": 5,
                "paddingRight": 5,
                "paddingTop": 5,
              }
            }
            testID="icon-square"
          >
            <Image
              source={
                Object {
                  "testUri": "../../../src/images/icons/icon_close.png",
                }
              }
              style={
                Object {
                  "height": 15,
                  "width": 15,
                }
              }
            />
          </View>
        </View>
      </View>
      <RCTScrollView
        scrollEnabled={false}
      >
        <View>
          <View
            accessible={true}
            focusable={true}
            isTVSelectable={true}
            onClick={[Function]}
            onResponderGrant={[Function]}
            onResponderMove={[Function]}
            onResponderRelease={[Function]}
            onResponderTerminate={[Function]}
            onResponderTerminationRequest={[Function]}
            onStartShouldSetResponder={[Function]}
            style={
              Array [
                Object {
                  "alignItems": "center",
                  "backgroundColor": "#fff",
                  "height": 50,
                  "justifyContent": "center",
                  "marginTop": 0.5,
                },
              ]
            }
          >
            <View
              style={
                Array [
                  Object {
                    "alignItems": "center",
                    "flexDirection": "row",
                    "justifyContent": "flex-start",
                    "paddingLeft": 20,
                    "width": "100%",
                  },
                ]
              }
              testID="upload-photo-item"
            >
              <View
                style={
                  Array [
                    Object {
                      "backgroundColor": "rgba(0, 0, 0, 0.05)",
                      "borderRadius": 5,
                      "paddingBottom": 5,
                      "paddingLeft": 5,
                      "paddingRight": 5,
                      "paddingTop": 5,
                    },
                  ]
                }
                testID="icon-square"
              >
                <Image
                  source={
                    Object {
                      "testUri": "../../../src/images/icons/icon_attach-media.png",
                    }
                  }
                  style={
                    Object {
                      "height": 15,
                      "width": 15,
                    }
                  }
                />
              </View>
              <Text
                style={
                  Array [
                    Object {},
                  ]
                }
              >
                Upload a photo
              </Text>
            </View>
          </View>
          <View
            accessible={true}
            focusable={true}
            isTVSelectable={true}
            onClick={[Function]}
            onResponderGrant={[Function]}
            onResponderMove={[Function]}
            onResponderRelease={[Function]}
            onResponderTerminate={[Function]}
            onResponderTerminationRequest={[Function]}
            onStartShouldSetResponder={[Function]}
            style={
              Array [
                Object {
                  "alignItems": "center",
                  "backgroundColor": "#fff",
                  "height": 50,
                  "justifyContent": "center",
                  "marginTop": 0.5,
                },
              ]
            }
          >
            <View
              style={
                Array [
                  Object {
                    "alignItems": "center",
                    "flexDirection": "row",
                    "justifyContent": "flex-start",
                    "paddingLeft": 20,
                    "width": "100%",
                  },
                ]
              }
              testID="upload-file-item"
            >
              <View
                style={
                  Array [
                    Object {
                      "backgroundColor": "rgba(0, 0, 0, 0.05)",
                      "borderRadius": 5,
                      "paddingBottom": 5,
                      "paddingLeft": 5,
                      "paddingRight": 5,
                      "paddingTop": 5,
                    },
                  ]
                }
                testID="icon-square"
              >
                <Image
                  source={
                    Object {
                      "testUri": "../../../src/images/icons/icon_folder.png",
                    }
                  }
                  style={
                    Object {
                      "height": 15,
                      "width": 15,
                    }
                  }
                />
              </View>
              <Text
                style={
                  Array [
                    Object {},
                  ]
                }
              >
                Upload a file
              </Text>
            </View>
          </View>
        </View>
      </RCTScrollView>
    </View>
  </View>
</Modal>
`;
