// Jest Snapshot v1, https://goo.gl/fbAQLP

exports[`AttachButton should render a disabled AttachButton 1`] = `
<View
  accessible={true}
  focusable={true}
  isTVSelectable={true}
  onClick={[Function]}
  onResponderGrant={[Function]}
  onResponderMove={[Function]}
  onResponderRelease={[Function]}
  onResponderTerminate={[Function]}
  onResponderTerminationRequest={[Function]}
  onStartShouldSetResponder={[Function]}
  style={
    Object {
      "marginRight": 8,
      "opacity": 1,
    }
  }
  testID="attach-button"
>
  <Image
    source={
      Object {
        "testUri": "../../../src/images/icons/plus-outline.png",
      }
    }
    style={
      Array [
        Object {
          "height": 15,
          "width": 15,
        },
      ]
    }
  />
</View>
`;

exports[`AttachButton should render an enabled AttachButton 1`] = `
<View
  accessible={true}
  focusable={true}
  isTVSelectable={true}
  onClick={[Function]}
  onResponderGrant={[Function]}
  onResponderMove={[Function]}
  onResponderRelease={[Function]}
  onResponderTerminate={[Function]}
  onResponderTerminationRequest={[Function]}
  onStartShouldSetResponder={[Function]}
  style={
    Object {
      "marginRight": 8,
      "opacity": 1,
    }
  }
  testID="attach-button"
>
  <Image
    source={
      Object {
        "testUri": "../../../src/images/icons/plus-outline.png",
      }
    }
    style={
      Array [
        Object {
          "height": 15,
          "width": 15,
        },
      ]
    }
  />
</View>
`;
