// Jest Snapshot v1, https://goo.gl/fbAQLP

exports[`ReactionPicker should render ReactionPicker 1`] = `
<Modal
  animationType="fade"
  hardwareAccelerated={false}
  testID="reaction-picker"
  transparent={true}
  visible={true}
>
  <View
    accessible={true}
    focusable={false}
    isTVSelectable={true}
    onClick={[Function]}
    onResponderGrant={[Function]}
    onResponderMove={[Function]}
    onResponderRelease={[Function]}
    onResponderTerminate={[Function]}
    onResponderTerminationRequest={[Function]}
    onStartShouldSetResponder={[Function]}
    style={
      Object {
        "alignItems": "flex-end",
        "flexBasis": 0,
        "flexGrow": 1,
        "flexShrink": 1,
        "opacity": 1,
      }
    }
  >
    <View
      style={
        Array [
          Object {
            "backgroundColor": "black",
            "borderRadius": 30,
            "flexDirection": "row",
            "height": 60,
            "paddingHorizontal": 20,
          },
          Object {
            "marginLeft": undefined,
            "marginRight": undefined,
            "marginTop": 40,
          },
        ]
      }
    >
      <View
        style={
          Array [
            Object {
              "alignItems": "center",
              "marginTop": -5,
            },
          ]
        }
        testID="like"
      >
        <View
          style={
            Array [
              Object {
                "alignItems": "center",
              },
            ]
          }
        >
          <Image
            accessibilityLabel="initials"
            onError={[Function]}
            resizeMethod="resize"
            size={18}
            source={
              Object {
                "uri": "https://bit.ly/321RmWb",
              }
            }
            style={
              Array [
                Object {
                  "borderRadius": 9,
                  "height": 18,
                  "width": 18,
                },
              ]
            }
            testID="avatar-image"
          />
        </View>
        <Text
          onPress={[Function]}
          style={
            Array [
              Object {
                "fontSize": 20,
                "marginVertical": 5,
              },
            ]
          }
          testID="like-reaction"
        >
          👍
        </Text>
        <Text
          style={
            Array [
              Object {
                "color": "white",
                "fontSize": 10,
                "fontWeight": "bold",
              },
            ]
          }
          testID="like-2"
        >
          2
        </Text>
      </View>
      <View
        style={
          Array [
            Object {
              "alignItems": "center",
              "marginTop": -5,
            },
          ]
        }
        testID="love"
      >
        <View
          style={
            Object {
              "height": 18,
              "width": 18,
            }
          }
        />
        <Text
          onPress={[Function]}
          style={
            Array [
              Object {
                "fontSize": 20,
                "marginVertical": 5,
              },
            ]
          }
          testID="love-reaction"
        >
          ❤️️
        </Text>
        <Text
          style={
            Array [
              Object {
                "color": "white",
                "fontSize": 10,
                "fontWeight": "bold",
              },
            ]
          }
          testID="love-count"
        >
          
        </Text>
      </View>
      <View
        style={
          Array [
            Object {
              "alignItems": "center",
              "marginTop": -5,
            },
          ]
        }
        testID="haha"
      >
        <View
          style={
            Array [
              Object {
                "alignItems": "center",
              },
            ]
          }
        >
          <Image
            accessibilityLabel="initials"
            onError={[Function]}
            resizeMethod="resize"
            size={18}
            source={
              Object {
                "uri": "https://bit.ly/321RmWb",
              }
            }
            style={
              Array [
                Object {
                  "borderRadius": 9,
                  "height": 18,
                  "width": 18,
                },
              ]
            }
            testID="avatar-image"
          />
        </View>
        <Text
          onPress={[Function]}
          style={
            Array [
              Object {
                "fontSize": 20,
                "marginVertical": 5,
              },
            ]
          }
          testID="haha-reaction"
        >
          😂
        </Text>
        <Text
          style={
            Array [
              Object {
                "color": "white",
                "fontSize": 10,
                "fontWeight": "bold",
              },
            ]
          }
          testID="haha-1"
        >
          1
        </Text>
      </View>
      <View
        style={
          Array [
            Object {
              "alignItems": "center",
              "marginTop": -5,
            },
          ]
        }
        testID="wow"
      >
        <View
          style={
            Object {
              "height": 18,
              "width": 18,
            }
          }
        />
        <Text
          onPress={[Function]}
          style={
            Array [
              Object {
                "fontSize": 20,
                "marginVertical": 5,
              },
            ]
          }
          testID="wow-reaction"
        >
          😮
        </Text>
        <Text
          style={
            Array [
              Object {
                "color": "white",
                "fontSize": 10,
                "fontWeight": "bold",
              },
            ]
          }
          testID="wow-count"
        >
          
        </Text>
      </View>
      <View
        style={
          Array [
            Object {
              "alignItems": "center",
              "marginTop": -5,
            },
          ]
        }
        testID="sad"
      >
        <View
          style={
            Array [
              Object {
                "alignItems": "center",
              },
            ]
          }
        >
          <Image
            accessibilityLabel="initials"
            onError={[Function]}
            resizeMethod="resize"
            size={18}
            source={
              Object {
                "uri": "https://bit.ly/321RmWb",
              }
            }
            style={
              Array [
                Object {
                  "borderRadius": 9,
                  "height": 18,
                  "width": 18,
                },
              ]
            }
            testID="avatar-image"
          />
        </View>
        <Text
          onPress={[Function]}
          style={
            Array [
              Object {
                "fontSize": 20,
                "marginVertical": 5,
              },
            ]
          }
          testID="sad-reaction"
        >
          😔
        </Text>
        <Text
          style={
            Array [
              Object {
                "color": "white",
                "fontSize": 10,
                "fontWeight": "bold",
              },
            ]
          }
          testID="sad-2"
        >
          2
        </Text>
      </View>
      <View
        style={
          Array [
            Object {
              "alignItems": "center",
              "marginTop": -5,
            },
          ]
        }
        testID="angry"
      >
        <View
          style={
            Object {
              "height": 18,
              "width": 18,
            }
          }
        />
        <Text
          onPress={[Function]}
          style={
            Array [
              Object {
                "fontSize": 20,
                "marginVertical": 5,
              },
            ]
          }
          testID="angry-reaction"
        >
          😠
        </Text>
        <Text
          style={
            Array [
              Object {
                "color": "white",
                "fontSize": 10,
                "fontWeight": "bold",
              },
            ]
          }
          testID="angry-count"
        >
          
        </Text>
      </View>
    </View>
  </View>
</Modal>
`;

exports[`ReactionPicker should render not visible ReactionPicker 1`] = `null`;
