// Jest Snapshot v1, https://goo.gl/fbAQLP

exports[`MessageReplies should render message replies 1`] = `
<View
  accessible={true}
  focusable={true}
  isTVSelectable={true}
  onClick={[Function]}
  onResponderGrant={[Function]}
  onResponderMove={[Function]}
  onResponderRelease={[Function]}
  onResponderTerminate={[Function]}
  onResponderTerminationRequest={[Function]}
  onStartShouldSetResponder={[Function]}
  style={
    Object {
      "alignItems": "center",
      "flexDirection": "row",
      "opacity": 1,
      "paddingBottom": 5,
      "paddingLeft": 5,
      "paddingRight": 5,
      "paddingTop": 5,
    }
  }
  testID="message-replies"
>
  <Image
    alignment="left"
    source={
      Object {
        "testUri": "../../../src/images/icons/icon_path.png",
      }
    }
    style={
      Array [
        Object {
          "transform": Array [
            Object {
              "rotateY": "0deg",
            },
          ],
        },
      ]
    }
    testID="message-replies-left"
  />
  <Text
    style={
      Array [
        Object {
          "color": "#006cff",
          "fontSize": 12,
          "fontWeight": "700",
        },
      ]
    }
  >
    1 reply
  </Text>
</View>
`;
