// Jest Snapshot v1, https://goo.gl/fbAQLP

exports[`MessageStatus should render message status with read by container 1`] = `
<View
  style={
    Array [
      Object {
        "flexDirection": "row",
        "justifyContent": "center",
        "width": 20,
      },
    ]
  }
>
  <View
    style={
      Array [
        Object {
          "alignItems": "center",
          "flexDirection": "row",
        },
      ]
    }
    testID="read-by-container"
  >
    <View
      style={
        Array [
          Object {
            "alignItems": "center",
          },
        ]
      }
    >
      <Image
        accessibilityLabel="initials"
        onError={[Function]}
        resizeMethod="resize"
        size={16}
        source={
          Object {
            "uri": "https://images-na.ssl-images-amazon.com/images/I/51t29lLkg8L._AC_SL1000_.jpg",
          }
        }
        style={
          Array [
            Object {
              "borderRadius": 8,
              "height": 16,
              "width": 16,
            },
          ]
        }
        testID="avatar-image"
      />
    </View>
  </View>
</View>
`;
